============================================================== 
  QS TEST RUN  Tue 07/28/2026 18:36:01.86 
============================================================== 
==============================================================
  QUIET SHELF DOCTOR
==============================================================

[1] Python environment
  interpreter: C:\Users\vikra\Projects\Quiet Shelf\.venv\Scripts\python.exe
  version:     3.14.4
  [OK]   running inside the project .venv

[2] Dependencies (import test in THIS interpreter)
  [OK]   fastapi
  [OK]   uvicorn
  [OK]   pydantic
  [OK]   python-docx
  [OK]   striprtf
  [OK]   python-multipart
  [OK]   google-genai
  [OK]   groq
  [OK]   openai
  [OK]   httpx
  [OK]   requests
  [OK]   python-dotenv
  [OK]   pypandoc_binary
  [OK]   pillow
  [OK]   lxml

[3] App import (the whole module graph)
  [OK]   app.main imports � server can boot

[4] .env
  [OK]   .env exists
  [WARN] global override present: MODEL_NAME=gemini-2.5-flash � in waterfall mode this is ignored (by design), remove to avoid confusion

[5] Port 8090
  [WARN] port 8090 is IN USE � a server is running. If it predates your code changes it is serving STALE code. Use 'Dev Quiet Shelf.bat' (kills + reloads).

[6] Frontend integrity
  [OK]   every script/css referenced in index.html exists on disk

==============================================================
  RESULT: 19 ok, 2 warnings, 0 failures
==============================================================
==============================================================
  LAYER A � STATIC
==============================================================

[A1] Python syntax
  [OK]   44 python files compile

[A2] Internal import graph
  [OK]   every 'from app.X import Y' resolves

[A3] CSS
  [OK]   kit.css balanced
  [OK]   lantern.css balanced
  [OK]   refresh.css balanced
  [OK]   styles.css balanced

[A4] index.html references
  [OK]   all local references exist

[A5] JSX (babel transform)
[SKIP] @babel/core not installed — run: npm install @babel/core @babel/preset-react

==============================================================
  LAYER A: GREEN
==============================================================
........................................................................ [ 47%]
....................................................................F... [ 94%]
......F.                                                                 [100%]
================================== FAILURES ===================================
_____________________ test_map_endpoint_too_long_rejected _____________________

client = <starlette.testclient.TestClient object at 0x0000020E296F8050>

    def test_map_endpoint_too_long_rejected(client):
        response = client.post("/api/storymap/map", data={"text": "word " * 5001})
>       assert response.status_code == 422
E       assert 502 == 422
E        +  where 502 = <Response [502 Bad Gateway]>.status_code

tests\test_storymap.py:307: AssertionError
------------------------------ Captured log call ------------------------------
ERROR    quietshelf.errors:http_errors.py:61 provider_error detail=Gemini API error (HTTP 400)
___________________ test_imagine_endpoint_too_long_rejected ___________________

client = <starlette.testclient.TestClient object at 0x0000020E2978F460>

    def test_imagine_endpoint_too_long_rejected(client):
        response = client.post("/api/storymap/imagine", data={"text": "word " * 5001, "mode": "full"})
>       assert response.status_code == 422
E       assert 502 == 422
E        +  where 502 = <Response [502 Bad Gateway]>.status_code

tests\test_storymap.py:412: AssertionError
------------------------------ Captured log call ------------------------------
ERROR    quietshelf.errors:http_errors.py:61 provider_error detail=Gemini API error (HTTP 400)
============================== warnings summary ===============================
.venv\Lib\site-packages\google\genai\types.py:42
  C:\Users\vikra\Projects\Quiet Shelf\.venv\Lib\site-packages\google\genai\types.py:42: DeprecationWarning: '_UnionGenericAlias' is deprecated and slated for removal in Python 3.17
    VersionedUnionType = Union[builtin_types.UnionType, _UnionGenericAlias]

tests/test_blurb.py::test_blurb_endpoint_with_pasted_text
  C:\Users\vikra\Projects\Quiet Shelf\.venv\Lib\site-packages\fastapi\testclient.py:1: StarletteDeprecationWarning: Using `httpx` with `starlette.testclient` is deprecated; install `httpx2` instead.
    from starlette.testclient import TestClient as TestClient  # noqa

-- Docs: https://docs.pytest.org/en/stable/how-to/capture-warnings.html
=========================== short test summary info ===========================
FAILED tests/test_storymap.py::test_map_endpoint_too_long_rejected - assert 5...
FAILED tests/test_storymap.py::test_imagine_endpoint_too_long_rejected - asse...
2 failed, 150 passed, 2 warnings in 9.35s
C:\Users\vikra\Projects\Quiet Shelf\.venv\Lib\site-packages\fastapi\testclient.py:1: StarletteDeprecationWarning: Using `httpx` with `starlette.testclient` is deprecated; install `httpx2` instead.
  from starlette.testclient import TestClient as TestClient  # noqa
2026-07-28 18:36:19,426 INFO httpx HTTP Request: GET http://testserver/api/health "HTTP/1.1 200 OK"
2026-07-28 18:36:19,430 INFO httpx HTTP Request: POST http://testserver/api/promote/extract "HTTP/1.1 200 OK"
2026-07-28 18:36:19,433 INFO httpx HTTP Request: POST http://testserver/api/promote/extract "HTTP/1.1 200 OK"
2026-07-28 18:36:19,435 INFO httpx HTTP Request: POST http://testserver/api/promote/extract "HTTP/1.1 415 Unsupported Media Type"
2026-07-28 18:36:19,439 INFO quietshelf.promote promote_stream chunks=1 concurrency=1 grounded=False
2026-07-28 18:36:19,441 INFO httpx HTTP Request: POST http://testserver/api/promote/stream "HTTP/1.1 200 OK"
2026-07-28 18:36:19,445 INFO httpx HTTP Request: POST http://testserver/api/promote "HTTP/1.1 422 Unprocessable Entity"
2026-07-28 18:36:19,776 INFO quietshelf.format format_complete theme=classic source_ext=.txt size_bytes=816574
2026-07-28 18:36:19,778 INFO quietshelf.format format_complete theme=classic size_bytes=816574
2026-07-28 18:36:19,785 INFO httpx HTTP Request: POST http://testserver/api/format "HTTP/1.1 200 OK"
2026-07-28 18:36:20,522 INFO httpx HTTP Request: GET https://api.unsplash.com/search/photos?query=pensive+person&per_page=3&orientation=portrait&content_filter=high "HTTP/1.1 200 OK"
2026-07-28 18:36:20,662 INFO httpx HTTP Request: GET https://api.unsplash.com/search/photos?query=moody+landscape&per_page=3&orientation=portrait&content_filter=high "HTTP/1.1 200 OK"
2026-07-28 18:36:20,836 INFO httpx HTTP Request: GET https://api.unsplash.com/search/photos?query=morning+light+window&per_page=3&orientation=portrait&content_filter=high "HTTP/1.1 200 OK"
2026-07-28 18:36:20,838 INFO quietshelf.covers cover_suggestions terms=3 returned=3
2026-07-28 18:36:20,839 INFO httpx HTTP Request: POST http://testserver/api/format/cover-suggestions "HTTP/1.1 200 OK"
==============================================================
  LAYER B — ENDPOINT CONTRACT  (mocked AI)
  2026-07-28 18:36:17
==============================================================
  [PASS] app boots (import app.main)
  [info] AI layer mocked (deterministic, zero quota)

[B1] /api/health
  [PASS] health 200 — got 200
  [PASS] health has provider — {'status': 'ok', 'provider': 'waterfall', 'services': ['format', 'blurb', 'promo

[B2] /api/promote/extract — the browse path
  [PASS] extract .txt 200 — got 200: {"text":"The morning light came slowly. The morning light came slowly. The morning light came slowly. The morning light 
  [PASS] extract .txt shape {text,word_count}
  [PASS] extract .txt count>0 — 200
  [SKIP] no test .docx found (tests/test_story_9k.docx)
  [PASS] extract .rtf 200 — got 200
  [PASS] extract rejects .exe (415) — got 415

[B3] /api/promote/stream — SSE pipeline (mocked AI)
  [PASS] stream 200 — got 200
  [PASS] stream meta first — ['meta', 'chunk', 'done']
  [PASS] stream has chunks — 1 chunk events
  [PASS] stream done last — ['meta', 'chunk', 'done']
  [PASS] stream coverage 100% — 540/540 words
  [PASS] stream order = script order
  [PASS] stream done has title
  [info] stream wall time 0.0s

[B4] /api/promote (non-stream) — validation gates
  [PASS] promote rejects <100 words (422) — got 422

[B5] /api/format — EPUB pipeline (no AI involved)
  [PASS] format 200 — got 200
  [PASS] format returns valid EPUB (zip w/ mimetype) — ['mimetype', 'META-INF/container.xml', 'META-INF/com.apple.ibooks.display-options.xml']

[B6] /api/format/cover-suggestions + fetch-cover-image (thumbnail path)
  [PASS] cover-suggestions 200 + list — 3 results
  [SKIP] fetch-cover-image (needs --live; avoids external download)

[B7] Regressions (every past bug, permanently)
  [PASS] R1 waterfall: groq never gets gemini model — groq -> openai/gpt-oss-120b
  [PASS] R2 chunker: zero lines dropped — 120/120
  [PASS] R3 title detected from first line — 'A Short Title'
  [PASS] R4 Segment.needs_remap exists
  [PASS] R4 ChunkSegment.needs_remap exists
  [PASS] R5 MIN_WORDS=100 — 100
  [PASS] R5 MAX_WORDS uncapped — 999999
  [PASS] R6 permanent failure: exactly 1 call, 0 retries — calls=1
  [PASS] R6 permanent failure: zero retry sleeps — sleeps=0
  [PASS] R6 classifier: 401 permanent
  [PASS] R6 classifier: 402 permanent
  [PASS] R6 classifier: daily quota permanent
  [PASS] R6 classifier: 5xx transient
  [PASS] R6 classifier: per-minute 429 transient

==============================================================
  LAYER B: GREEN — safe to commit
==============================================================
